../Core/Src/stm32f1xx_it.c:71:6:NMI_Handler	4	static
../Core/Src/stm32f1xx_it.c:86:6:HardFault_Handler	4	static
../Core/Src/stm32f1xx_it.c:101:6:MemManage_Handler	4	static
../Core/Src/stm32f1xx_it.c:116:6:BusFault_Handler	4	static
../Core/Src/stm32f1xx_it.c:131:6:UsageFault_Handler	4	static
../Core/Src/stm32f1xx_it.c:146:6:SVC_Handler	4	static
../Core/Src/stm32f1xx_it.c:159:6:DebugMon_Handler	4	static
../Core/Src/stm32f1xx_it.c:172:6:PendSV_Handler	4	static
../Core/Src/stm32f1xx_it.c:185:6:SysTick_Handler	8	static
../Core/Src/stm32f1xx_it.c:206:6:EXTI1_IRQHandler	8	static
../Core/Src/stm32f1xx_it.c:228:6:EXTI2_IRQHandler	8	static
../Core/Src/stm32f1xx_it.c:242:6:EXTI3_IRQHandler	8	static
../Core/Src/stm32f1xx_it.c:255:6:set_modo_oper	16	static,ignoring_inline_asm
../Core/Src/stm32f1xx_it.c:273:5:get_modo_oper	4	static,ignoring_inline_asm
